7_g	28588_0:0029c8
7_g	35570_0:002852
7_g	28612_0:000abd
7_g	104688_0:001e47
7_g	7370_0:000dc1
7_g	7213_0:002dc9
7_g	174628_0:0006d5
7_g	7375_0:0018bc
7_g	7394_0:000cab
7_g	7397_0:00414b
7_g	37001_0:00142e
7_g	7165_0:002707
7_g	199890_0:0008a7
7_g	7395_0:002a50
7_g	43041_0:0021eb
7_g	62324_0:0008b7
7_g	69004_0:002e0b
7_g	7168_0:001c60
7_g	139723_0:0004e6
7_g	30069_0:001962
7_g	41427_0:001387
7_g	112268_0:003098
7_g	74873_0:0017e9
7_g	54969_0:003af6
7_g	315563_0:0012ac
5_g	28612_0:000aac
5_g	7213_0:002daa
5_g	7370_0:000dc3
5_g	174628_0:0006f4
5_g	35570_0:002854
5_g	7395_0:002a4e
5_g	37001_0:001430
5_g	7394_0:000ca9
5_g	7397_0:004148
5_g	28588_0:0029b4
5_g	104688_0:001e46
5_g	7200_0:0024e7
5_g	7168_0:001c7e
5_g	123851_0:003fc2
5_g	69004_0:002def
5_g	29058_0:0029bb
5_g	7091_0:000e31
5_g	680683_0:0001ad
5_g	45779_0:003394
5_g	69820_0:000f3d
5_g	66420_0:0030f4
5_g	7130_0:000848
5_g	76194_0:001270
5_g	88015_0:001b61
5_g	104452_0:003402
a_g	28588_0:001a1d
a_g	174628_0:002a73
a_g	28588_0:002082
a_g	104688_0:00060c
a_g	28612_0:002f32
a_g	28612_0:0035cf
a_g	7213_0:00030e
a_g	104688_0:0005e5
a_g	104688_0:0005f8
a_g	28612_0:0035ce
a_g	174628_0:002a5a
a_g	104688_0:0013a8
a_g	28612_0:00425f
a_g	28588_0:001f7a
a_g	28588_0:001f81
a_g	174628_0:00186b
a_g	7200_0:000e66
