76_g	35570_0:0011da
76_g	7375_0:00023a
76_g	28612_0:0039b8
76_g	7370_0:00175f
76_g	7213_0:001f5f
76_g	174628_0:0013b2
76_g	104688_0:00217c
76_g	139723_0:0015e5
76_g	199890_0:001e5f
76_g	211228_0:001cf2
76_g	222816_0:002613
76_g	93721_0:001d02
76_g	326594_0:000d9f
76_g	597456_0:0009b7
76_g	132113_0:003d06
76_g	7038_0:00310b
76_g	286706_0:0014d0
76_g	133901_0:00106b
76_g	121225_0:0003cc
76_g	79782_0:000427
76_g	116153_0:0011df
76_g	56086_0:00179c
76_g	7029_0:001426
76_g	136037_0:0013a2
76_g	48709_0:002c20
78_g	7370_0:00153c
78_g	28612_0:00050a
78_g	7375_0:00238b
78_g	35570_0:000d2c
78_g	104688_0:0012c7
78_g	28588_0:0020c4
78_g	7213_0:00162a
78_g	174628_0:000dab
78_g	7395_0:001d0d
78_g	7397_0:0030fc
78_g	74869_0:002cf0
78_g	7160_0:001d09
78_g	74873_0:00260e
78_g	7165_0:0029ee
78_g	30069_0:0017c4
78_g	112268_0:00301c
78_g	7159_0:001a29
78_g	69004_0:00138b
78_g	62324_0:001a59
78_g	199890_0:001c97
78_g	43041_0:000e13
78_g	7168_0:00293f
78_g	168631_0:00201e
78_g	7167_0:00041a
78_g	7091_0:001a2e
25_g	104688_0:0007b5
25_g	7213_0:001fa1
25_g	28588_0:001edc
25_g	28612_0:002974
25_g	174628_0:001f3d
25_g	7375_0:000285
25_g	7370_0:003409
25_g	35570_0:001d66
25_g	7395_0:002987
25_g	7397_0:003779
25_g	7167_0:0007c7
25_g	29031_0:000a76
25_g	166361_0:0003ff
25_g	76194_0:000bcd
25_g	7070_0:001614
25_g	168631_0:0026b3
18_g	104688_0:001e42
18_g	28612_0:000aaf
18_g	28588_0:0029b6
18_g	7213_0:002da8
18_g	174628_0:0006ec
18_g	37001_0:00142b
18_g	7375_0:0018b1
18_g	7397_0:00414d
18_g	7395_0:002a54
18_g	7394_0:000cae
18_g	35570_0:00284f
18_g	29031_0:002abd
18_g	7176_0:0010ff
18_g	112268_0:003089
18_g	199890_0:000bdf
18_g	7160_0:001028
18_g	7159_0:0018b8
18_g	7200_0:001763
18_g	224129_0:000245
18_g	7460_0:00215b
18_g	64793_0:001455
18_g	156304_0:00221f
18_g	610380_0:001b3d
18_g	13686_0:000ffc
18_g	609295_0:00170d
55_g	7213_0:002df1
55_g	174628_0:000704
55_g	28612_0:000abe
55_g	28588_0:0029c6
55_g	7375_0:0008f6
55_g	104688_0:001e44
55_g	35570_0:001813
55_g	7370_0:00062f
55_g	7397_0:003f1c
55_g	37001_0:0030e9
55_g	7168_0:0028f1
55_g	568069_0:003500
55_g	56086_0:00481f
55_g	40932_0:0001d5
55_g	307491_0:0021bd
55_g	93721_0:00121e
55_g	143948_0:001e92
55_g	7029_0:000b9d
55_g	222816_0:000273
55_g	7460_0:000efe
55_g	454923_0:001528
55_g	28612_0:003e3e
55_g	6958_0:000685
55_g	7029_0:000b9c
55_g	77166_0:002fe7
11_g	28612_0:003dfa
11_g	174628_0:002628
11_g	28588_0:0006ed
11_g	7394_0:0007d9
11_g	37001_0:000e6c
11_g	7370_0:001eef
11_g	35570_0:000901
11_g	7213_0:0010f7
11_g	7375_0:001d79
11_g	35570_0:001052
11_g	7370_0:00053f
11_g	7160_0:00357b
11_g	7159_0:001a0a
11_g	7397_0:00086d
11_g	7394_0:000763
11_g	37001_0:001493
11_g	41427_0:001341
11_g	7395_0:001265
11_g	30069_0:002bc2
11_g	39758_0:004cf2
11_g	51655_0:0020f3
11_g	51655_0:0011ae
11_g	6973_0:0029a2
11_g	28612_0:001abd
11_g	28612_0:004841
51_g	7375_0:00342c
51_g	35570_0:000a34
51_g	104688_0:002273
51_g	7370_0:000f78
51_g	7370_0:0015a1
51_g	37001_0:0020fd
51_g	7397_0:0046dc
51_g	7213_0:000407
51_g	28612_0:001060
51_g	28588_0:002f19
51_g	199890_0:0006e8
51_g	7395_0:004c27
51_g	39758_0:00147e
51_g	43041_0:0029af
51_g	315563_0:001f67
51_g	62324_0:002b08
51_g	43151_0:000b36
51_g	1218281_0:0009f9
51_g	7493_0:00097d
51_g	123851_0:002c94
51_g	34740_0:004481
51_g	64459_0:00043c
51_g	121225_0:001676
51_g	104452_0:003e80
51_g	113334_0:003560
12_g	7375_0:001d79
12_g	35570_0:001052
12_g	7370_0:00053f
12_g	37001_0:001493
12_g	39758_0:004cf2
12_g	7397_0:00086d
12_g	7394_0:000763
12_g	7160_0:00357b
12_g	7395_0:001265
12_g	7159_0:001a0a
12_g	30069_0:002bc2
12_g	41427_0:001341
12_g	6973_0:0029a2
12_g	51655_0:0020f3
12_g	51655_0:0011ae
9_g	28588_0:002634
9_g	174628_0:000b3e
9_g	104688_0:0013d5
9_g	28612_0:0026ec
9_g	7213_0:002231
9_g	7394_0:000216
9_g	7375_0:0017d2
9_g	7395_0:0030ab
44_g	7539_0:000b8f
44_g	7370_0:002e9a
44_g	35570_0:0020d4
44_g	35570_0:0020d3
44_g	7375_0:003181
44_g	7370_0:002e99
44_g	7370_0:002e97
44_g	35570_0:0020d5
44_g	35570_0:0020d6
44_g	174628_0:001555
44_g	28588_0:00066e
44_g	28588_0:00065e
44_g	7375_0:00317d
44_g	7213_0:002441
44_g	7375_0:003179
44_g	28588_0:000657
44_g	104688_0:002e68
44_g	28612_0:000bd8
44_g	104688_0:002c80
44_g	28612_0:000bd7
44_g	174628_0:00212b
44_g	7394_0:0015b6
44_g	28612_0:00462f
44_g	7395_0:000d82
44_g	7397_0:0040b7
4_g	7375_0:00189a
4_g	7370_0:0022de
4_g	35570_0:002855
4_g	7370_0:000dc4
4_g	7397_0:004149
4_g	174628_0:001475
4_g	7370_0:000d1e
4_g	174628_0:0006ff
4_g	7375_0:0018a7
4_g	7397_0:004147
4_g	7375_0:003648
4_g	7370_0:000d1f
4_g	174628_0:00185b
41_g	7375_0:002eae
41_g	28588_0:0010b3
41_g	174628_0:000d82
41_g	104688_0:001a17
41_g	28612_0:001570
41_g	7213_0:0025e4
41_g	7370_0:001314
41_g	35570_0:00223f
41_g	41427_0:0015f5
41_g	7159_0:001bb7
41_g	7394_0:00277a
41_g	62324_0:002e9d
41_g	7395_0:000d9a
41_g	112268_0:001961
41_g	7397_0:00409e
41_g	7168_0:0018b8
41_g	7165_0:002c7a
41_g	30069_0:00135f
41_g	139723_0:001e7c
41_g	37001_0:0000c5
41_g	7167_0:000040
41_g	69004_0:002a98
41_g	39758_0:001562
41_g	568069_0:001b4e
41_g	199890_0:000c5e
69_g	7370_0:001810
69_g	35570_0:00003b
69_g	7375_0:000b99
69_g	7213_0:000205
69_g	7395_0:0007c7
69_g	7394_0:001752
69_g	7397_0:002642
69_g	28588_0:00284a
69_g	28612_0:000279
69_g	174628_0:000aab
69_g	104688_0:000699
69_g	37001_0:000a50
69_g	29031_0:002375
69_g	62324_0:00266c
69_g	7168_0:0021dc
69_g	7167_0:002d3d
69_g	43151_0:0025a1
69_g	7200_0:001730
69_g	104421_0:001cf4
69_g	610380_0:002cb5
69_g	219809_0:001e48
69_g	2015173_0:000988
69_g	67767_0:000773
69_g	103372_0:001e1b
69_g	34720_0:001611
50_g	174628_0:000cf8
50_g	104688_0:0018a4
50_g	7213_0:0008fa
50_g	28588_0:0009fa
50_g	28612_0:001f03
50_g	7375_0:0017f2
50_g	7394_0:00156b
50_g	7370_0:003158
16_g	28612_0:000571
16_g	7370_0:00182f
16_g	7375_0:00036d
16_g	28588_0:002706
16_g	568069_0:003dd6
16_g	174628_0:002fc6
16_g	35570_0:000ac0
16_g	7213_0:0021c8
16_g	37001_0:001445
16_g	7395_0:001cb0
16_g	7397_0:003544
16_g	39758_0:001697
16_g	37344_0:00022f
16_g	7394_0:0013c5
16_g	104688_0:002b09
16_g	411798_0:003205
16_g	91411_0:000245
16_g	1507135_0:000842
16_g	222816_0:0002fc
16_g	7460_0:000b01
16_g	516756_0:0000bf
16_g	69820_0:00095d
16_g	62324_0:002e61
16_g	104421_0:002950
16_g	64838_0:00221c
24_g	28612_0:002977
24_g	104688_0:0007c0
24_g	174628_0:001f2f
24_g	28588_0:001edb
24_g	37001_0:0015fc
24_g	7395_0:002982
24_g	7394_0:0019c7
24_g	7370_0:00340f
24_g	7213_0:001fca
24_g	7375_0:00029f
24_g	35570_0:001d60
24_g	139723_0:00248e
24_g	456900_0:0027e6
24_g	116153_0:0020b5
24_g	1218281_0:002320
24_g	7038_0:002381
24_g	1049336_0:0008ee
24_g	67767_0:001839
24_g	56086_0:0014a2
24_g	126957_0:0026f9
24_g	66420_0:0005c1
24_g	34638_0:00105e
24_g	197043_0:002895
24_g	6973_0:0001d9
24_g	104452_0:001e19
14_g	7370_0:003541
14_g	35570_0:00048b
14_g	28612_0:0002b0
14_g	28588_0:002d78
14_g	104688_0:001f3f
28_g	7213_0:001f97
28_g	28588_0:001eda
28_g	174628_0:001f37
28_g	28612_0:004a42
28_g	104688_0:0007b6
28_g	7375_0:000293
28_g	7370_0:003129
28_g	7370_0:003413
28_g	39758_0:0038e4
28_g	112268_0:001bb5
28_g	43151_0:0019ec
28_g	30069_0:0023b0
28_g	62324_0:000e4e
28_g	69004_0:001293
28_g	6958_0:002f7b
28_g	110193_0:001dcc
28_g	72036_0:000c40
28_g	72036_0:001107
17_g	35570_0:002850
17_g	28588_0:0029c3
17_g	174628_0:0006c3
17_g	7370_0:000dc0
17_g	28612_0:000ab5
17_g	7375_0:001898
17_g	104688_0:001e40
17_g	7213_0:002dc6
17_g	54969_0:003e0c
17_g	319348_0:0019f3
17_g	568069_0:001c0b
17_g	7159_0:0018b4
17_g	29031_0:002abe
17_g	7394_0:000cac
17_g	7395_0:002a53
17_g	7200_0:001764
17_g	37001_0:00142d
17_g	62324_0:0008c3
17_g	37344_0:001943
17_g	222816_0:000828
17_g	116153_0:000dae
17_g	7425_0:000e68
17_g	224129_0:00219d
17_g	211228_0:0027ed
17_g	156304_0:001c14
2_g	7395_0:001014
2_g	7370_0:00227f
2_g	7370_0:003405
2_g	35570_0:001662
2_g	28612_0:0053a2
2_g	174628_0:000cfb
2_g	7213_0:0008e8
2_g	104688_0:00189f
2_g	28588_0:000a52
2_g	7375_0:00213b
2_g	35570_0:001661
79_g	7375_0:003352
79_g	7370_0:0029f4
79_g	7213_0:002cde
79_g	28612_0:0022e8
79_g	174628_0:0009e9
79_g	7394_0:001adb
79_g	7395_0:0020d6
79_g	28588_0:002c96
79_g	35570_0:001a90
79_g	7397_0:004187
79_g	1629725_0:0011f7
79_g	29031_0:000324
79_g	6973_0:002471
79_g	6832_0:0025e1
79_g	597456_0:000b80
79_g	104452_0:00036d
79_g	74873_0:0003ad
79_g	246812_0:0020b7
79_g	7004_0:0052fc
79_g	143948_0:00247a
79_g	7536_0:000617
6_g	104688_0:001e3f
6_g	174628_0:0006c6
6_g	28588_0:0029bc
6_g	28612_0:000ab6
6_g	7213_0:002db9
6_g	7375_0:0018b7
6_g	37001_0:00142f
6_g	7395_0:002a4f
6_g	7394_0:000caa
6_g	7397_0:00414a
6_g	139723_0:0004e7
6_g	43041_0:001482
6_g	30069_0:001963
6_g	7168_0:001c5f
6_g	112268_0:003097
6_g	7167_0:00074c
6_g	69004_0:002e0c
6_g	69319_0:001fe1
6_g	113334_0:000553
6_g	104452_0:000b4e
6_g	7130_0:001c67
6_g	168631_0:0011cd
6_g	535359_0:001120
6_g	438502_0:002889
6_g	88501_0:0013eb
59_g	28588_0:00238d
59_g	28612_0:00562a
59_g	104688_0:003039
59_g	35570_0:002028
59_g	37001_0:0037e4
59_g	7397_0:002862
61_g	7394_0:0023bb
61_g	7395_0:001c62
61_g	7397_0:001b43
61_g	37001_0:00124a
61_g	7200_0:000849
61_g	64838_0:00226a
61_g	516756_0:000462
61_g	1507135_0:000d89
61_g	178035_0:0002f6
61_g	108931_0:000999
61_g	28588_0:0023ae
61_g	174628_0:000fcd
61_g	28612_0:0016e0
61_g	222816_0:000e59
61_g	143995_0:000e90
61_g	7213_0:002cb8
61_g	224129_0:000a78
61_g	7493_0:00235e
61_g	28612_0:0013f5
61_g	411798_0:00286f
61_g	83485_0:0002af
61_g	7395_0:000a34
61_g	7375_0:000869
61_g	7394_0:003002
61_g	7397_0:00285e
57_g	7375_0:001e48
57_g	28612_0:002223
57_g	104688_0:002139
57_g	37001_0:0037e5
57_g	174628_0:000fd7
57_g	28588_0:0023ba
57_g	7370_0:000af1
57_g	7394_0:0008a2
57_g	7213_0:002cd4
57_g	35570_0:002b58
57_g	7397_0:004b1f
57_g	7395_0:000a2a
57_g	315563_0:001e7e
57_g	54969_0:001976
57_g	326594_0:00018d
57_g	121225_0:0001fe
57_g	104452_0:002c8a
57_g	6669_0:00090c
57_g	69319_0:001a02
57_g	121225_0:0008b4
57_g	35525_0:0001ad
57_g	28612_0:000a95
57_g	35570_0:0021e1
57_g	34638_0:000a36
57_g	7370_0:000ab8
86_g	7213_0:00257d
86_g	174628_0:000d0e
86_g	28588_0:000a38
86_g	104688_0:000d9d
86_g	37001_0:000fe6
86_g	35570_0:0006ae
86_g	7370_0:0034e2
86_g	7395_0:0030fe
86_g	7375_0:00202a
86_g	7394_0:002a06
86_g	7397_0:00094b
86_g	28612_0:003300
86_g	7159_0:002f9a
86_g	7165_0:001f40
86_g	69004_0:002ec1
86_g	39758_0:0020fc
86_g	43151_0:000bf7
86_g	7167_0:0025c7
86_g	62324_0:0009e3
86_g	112268_0:0023cf
86_g	41427_0:001ab4
86_g	7176_0:003ad8
86_g	7160_0:002406
86_g	199890_0:001498
86_g	568069_0:0029d6
37_g	29053_0:001995
37_g	7213_0:0003e5
37_g	7165_0:00149b
37_g	37344_0:001f6e
37_g	218467_0:0013e5
37_g	520822_0:002574
37_g	411798_0:001715
37_g	7375_0:001503
37_g	219809_0:000f2e
37_g	7004_0:0025dd
37_g	326594_0:000799
37_g	69319_0:0018a7
37_g	456900_0:001c09
37_g	166361_0:001bc7
37_g	7539_0:0029f2
37_g	319348_0:001675
37_g	116153_0:00342d
37_g	224129_0:000c24
37_g	319348_0:001f2e
37_g	116153_0:000ccf
37_g	1507135_0:0006a8
37_g	307491_0:00406f
37_g	34740_0:003379
37_g	40932_0:0035bf
37_g	307491_0:001ae2
82_g	7370_0:001900
82_g	35570_0:000cea
82_g	7397_0:001efd
82_g	7395_0:0046fb
82_g	28588_0:001176
82_g	246812_0:00218e
82_g	104452_0:00272c
82_g	6973_0:005aee
82_g	1155016_0:0058f3
66_g	7394_0:001756
66_g	7395_0:0007c1
66_g	28588_0:002c5b
66_g	28612_0:0005f5
66_g	174628_0:0020ec
66_g	7213_0:0001fe
66_g	104688_0:0006b5
66_g	7370_0:002b59
66_g	7375_0:002eee
66_g	35570_0:00003f
66_g	54969_0:000529
66_g	568069_0:00044f
66_g	319348_0:002aed
66_g	166361_0:002eb7
66_g	535359_0:00136d
66_g	438503_0:000a3a
66_g	48709_0:002d69
66_g	7091_0:00250a
66_g	34740_0:0014ed
66_g	7159_0:0020c6
66_g	246812_0:0011b4
5_g	28612_0:000aac
5_g	7213_0:002daa
5_g	174628_0:0006f4
5_g	35570_0:002854
5_g	7370_0:000dc3
5_g	28588_0:0029b4
5_g	104688_0:001e46
5_g	37001_0:001430
5_g	7395_0:002a4e
5_g	7394_0:000ca9
5_g	7397_0:004148
5_g	7168_0:001c7e
5_g	69004_0:002def
5_g	7200_0:0024e7
5_g	123851_0:003fc2
5_g	29058_0:0029bb
5_g	7091_0:000e31
5_g	69820_0:000f3d
5_g	680683_0:0001ad
5_g	7130_0:000848
5_g	45779_0:003394
5_g	76194_0:001270
5_g	66420_0:0030f4
5_g	88015_0:001b61
5_g	104452_0:003402
22_g	7213_0:001f85
22_g	28588_0:001ee5
22_g	7375_0:000299
22_g	35570_0:001d63
22_g	174628_0:001f2b
22_g	104688_0:0007e1
22_g	7370_0:00340c
77_g	7375_0:002a3e
77_g	7213_0:000301
77_g	174628_0:00079b
77_g	104688_0:000b56
77_g	28588_0:001797
77_g	411798_0:002191
77_g	126957_0:000aec
77_g	516756_0:001e86
77_g	108931_0:0025d3
77_g	1218281_0:0029a8
68_g	7395_0:0007c6
68_g	7397_0:002643
68_g	7394_0:001753
68_g	7375_0:000b98
68_g	28588_0:002837
39_g	7375_0:001063
39_g	7370_0:00130f
39_g	174628_0:000d86
39_g	7213_0:0025d5
39_g	28588_0:0010d4
39_g	7375_0:002eaf
39_g	91411_0:000e6a
39_g	319348_0:000da2
39_g	35570_0:002425
39_g	54969_0:00245a
39_g	7397_0:00409a
39_g	7213_0:002d50
39_g	7394_0:00277c
39_g	454923_0:00102f
39_g	7159_0:001fdb
39_g	7176_0:003163
70_g	28588_0:002846
70_g	7213_0:0001eb
70_g	28612_0:00027a
70_g	104688_0:0006a1
70_g	7370_0:001812
70_g	319348_0:002287
70_g	568069_0:0024b5
70_g	45779_0:0019b2
70_g	54969_0:003ed5
70_g	116153_0:001509
70_g	51655_0:000e9b
70_g	76194_0:0012eb
70_g	51655_0:001b40
70_g	66420_0:003063
70_g	7091_0:0030ab
70_g	34740_0:0032f8
70_g	217634_0:000d0b
70_g	64459_0:001ca8
70_g	680683_0:0001bc
70_g	7038_0:000236
70_g	69820_0:000ee9
70_g	13164_0:000885
70_g	13037_0:00388d
70_g	56086_0:0032d0
70_g	218467_0:004e23
27_g	112268_0:001bb5
27_g	30069_0:0023b0
27_g	43151_0:0019ec
27_g	62324_0:000e4e
27_g	69004_0:001293
27_g	39758_0:0038e4
27_g	7213_0:001f97
27_g	7370_0:003129
27_g	7370_0:003413
27_g	28612_0:004a42
27_g	28588_0:001eda
27_g	7375_0:000293
27_g	104688_0:0007b6
27_g	110193_0:001dcc
27_g	174628_0:001f37
27_g	6958_0:002f7b
27_g	72036_0:000c40
10_g	286706_0:0010ef
10_g	158441_0:00223e
10_g	48709_0:0008cc
10_g	7004_0:000efb
10_g	217634_0:001b19
34_g	319348_0:001651
34_g	35525_0:005665
34_g	54969_0:0025c3
34_g	568069_0:00378f
34_g	178035_0:001a5a
34_g	104688_0:000820
34_g	28588_0:0023c8
34_g	28588_0:0023cb
34_g	7213_0:002dbc
34_g	174628_0:00155f
34_g	28612_0:001366
34_g	174628_0:002298
34_g	7397_0:000feb
34_g	166361_0:0017df
34_g	13249_0:0036a6
32_g	28612_0:003524
32_g	7213_0:002402
32_g	35570_0:001dd2
32_g	28588_0:001f92
32_g	7375_0:002fe6
32_g	104688_0:0013ab
32_g	7397_0:00408f
32_g	7395_0:000da9
32_g	7394_0:00215f
32_g	37001_0:0000cf
32_g	139723_0:0034a3
32_g	222816_0:0023b9
32_g	211228_0:0015df
32_g	136037_0:002593
32_g	326594_0:0003d5
32_g	7070_0:00213c
32_g	441921_0:000ce7
32_g	456900_0:0021e6
32_g	166361_0:000e41
32_g	219809_0:0010da
32_g	597456_0:00170f
32_g	83485_0:0026c6
32_g	121225_0:00098d
32_g	79782_0:0023e6
32_g	29031_0:000bb1
46_g	7397_0:0040bf
46_g	7394_0:0028f6
45_g	116153_0:0022b5
45_g	7130_0:00297d
45_g	6850_0:0037b5
45_g	7375_0:00317d
45_g	35570_0:0020d6
45_g	35570_0:0020d5
45_g	35570_0:0020d3
45_g	7370_0:002e99
45_g	7370_0:002e97
45_g	7395_0:000d82
45_g	7394_0:0015b6
45_g	7397_0:0040b7
45_g	64793_0:000bb1
45_g	7539_0:000b8f
45_g	35570_0:0020d4
45_g	6945_0:004f61
45_g	7375_0:003181
45_g	7213_0:002b31
45_g	28588_0:000657
45_g	104688_0:002c80
45_g	6669_0:0046df
45_g	609295_0:000a37
45_g	7370_0:002e9a
45_g	104688_0:002e68
45_g	28612_0:00462f
43_g	7375_0:00317d
43_g	7370_0:002e9a
43_g	108931_0:00040e
43_g	7394_0:0015b6
43_g	7395_0:000d82
43_g	35570_0:0020d4
43_g	7539_0:000b8f
43_g	7397_0:0040b7
43_g	35570_0:0020d3
43_g	7176_0:0045ea
43_g	116153_0:0022b5
43_g	51655_0:0013b4
43_g	7370_0:002e99
43_g	7370_0:002e97
43_g	7160_0:00168c
43_g	114398_0:0037e3
43_g	218467_0:000816
43_g	110193_0:001490
43_g	35570_0:0020d2
43_g	6832_0:00056c
43_g	6850_0:0037b5
43_g	121225_0:001304
43_g	28612_0:00462f
43_g	7130_0:00297d
43_g	74873_0:00172d
3_g	7370_0:000d1f
3_g	7370_0:000d1e
3_g	7375_0:003648
3_g	7375_0:0018a7
3_g	7397_0:004147
3_g	174628_0:0006ff
3_g	54969_0:003579
3_g	7370_0:0022de
3_g	174628_0:001475
3_g	7397_0:004149
3_g	7370_0:000dc4
3_g	35570_0:002855
3_g	7375_0:00189a
3_g	174628_0:00185b
47_g	174628_0:001557
47_g	28612_0:004142
47_g	28588_0:0023cd
47_g	7213_0:002b76
47_g	104688_0:000827
47_g	7375_0:00317c
47_g	37001_0:0000b6
47_g	7397_0:0040bf
47_g	7395_0:000d7a
47_g	7394_0:0028f7
47_g	39758_0:001389
47_g	7159_0:001cee
47_g	62324_0:000f72
47_g	7160_0:0030b8
47_g	69004_0:00147c
47_g	54969_0:004231
47_g	454923_0:000c12
47_g	123851_0:002c82
47_g	319348_0:000c25
47_g	29031_0:0014cb
30_g	7375_0:001d90
30_g	28588_0:001756
30_g	7213_0:001a7c
30_g	104688_0:000b8b
30_g	7394_0:0026ca
30_g	35570_0:000b35
30_g	1507135_0:0015fa
30_g	178035_0:000b83
30_g	516756_0:00069b
30_g	156304_0:00078e
30_g	67767_0:002ece
30_g	34638_0:0029d2
30_g	7004_0:001fdc
30_g	315563_0:002953
30_g	13037_0:0032f0
63_g	28612_0:001913
63_g	7395_0:000a37
63_g	7394_0:002fff
63_g	7397_0:00285a
63_g	104688_0:002ab1
63_g	174628_0:000fe4
63_g	28588_0:0023b1
63_g	7213_0:002cc0
63_g	35570_0:001242
63_g	7213_0:00283e
63_g	116153_0:002346
63_g	37001_0:000def
63_g	54969_0:001867
63_g	7375_0:000869
63_g	7375_0:00085f
63_g	35570_0:001243
63_g	37001_0:0037e2
63_g	104688_0:002ab3
63_g	7394_0:003002
63_g	7397_0:00285e
63_g	28588_0:0006ad
63_g	28612_0:000432
63_g	7375_0:000860
63_g	7395_0:000a34
63_g	7370_0:001790
72_g	28612_0:0003e4
72_g	7394_0:001635
72_g	7395_0:000abc
72_g	7397_0:0036c6
72_g	28588_0:0009ba
72_g	174628_0:000be2
72_g	34740_0:002e83
72_g	246812_0:001fe1
72_g	69820_0:002500
72_g	168631_0:000d1c
72_g	45779_0:001a6f
72_g	66420_0:002608
72_g	29058_0:001eb1
72_g	64459_0:000941
72_g	211228_0:001449
72_g	76194_0:000266
72_g	121845_0:0003d3
64_g	7394_0:000b20
64_g	39758_0:003644
64_g	7395_0:002327
64_g	315563_0:000fde
64_g	7176_0:002a7e
64_g	62324_0:0026c5
64_g	7160_0:0011a7
64_g	112268_0:0008fb
64_g	35570_0:001243
64_g	35570_0:002a87
64_g	7165_0:001f9a
64_g	7375_0:00085f
64_g	28612_0:000432
64_g	28612_0:0004ac
64_g	7213_0:002cce
64_g	28588_0:00259e
64_g	199890_0:0014f5
64_g	43041_0:001c62
64_g	7213_0:000da0
64_g	69319_0:0007d3
64_g	104688_0:002ab3
64_g	174628_0:000a0c
64_g	7165_0:002b6c
64_g	7168_0:00182e
64_g	7397_0:00285a
85_g	7213_0:002ce2
85_g	174628_0:0020a6
85_g	104688_0:0029ca
85_g	28588_0:0023b6
85_g	7375_0:002942
85_g	28612_0:001a9d
85_g	7370_0:0029f1
85_g	35570_0:001a8d
85_g	7394_0:001ad8
85_g	7395_0:0020d3
85_g	43151_0:00074e
85_g	7176_0:00098b
85_g	7397_0:003dbc
85_g	7167_0:000192
85_g	41427_0:00106d
85_g	7200_0:00019a
85_g	139723_0:002b62
85_g	112268_0:000d55
85_g	62324_0:003374
85_g	7168_0:002418
85_g	54969_0:0004ee
85_g	51655_0:0011bf
85_g	34740_0:004b73
85_g	66420_0:00195f
85_g	1049336_0:000600
81_g	28612_0:0022eb
81_g	7213_0:002cc3
81_g	174628_0:0009ca
81_g	35570_0:001a91
81_g	28588_0:002c94
81_g	7370_0:0029f5
81_g	104688_0:0001f4
81_g	7375_0:003354
81_g	7397_0:004186
81_g	77166_0:001b9a
81_g	7070_0:000cc0
81_g	7394_0:001adc
81_g	104452_0:0035ec
81_g	29058_0:0019a7
81_g	64459_0:00124f
87_g	28588_0:001836
87_g	104688_0:002218
87_g	7213_0:001e11
87_g	174628_0:0007d8
87_g	7394_0:0017c6
87_g	7397_0:004e80
87_g	7395_0:0041db
21_g	7370_0:0003fe
21_g	7375_0:00181a
21_g	7160_0:00057b
21_g	7167_0:000303
21_g	7165_0:0026a0
21_g	43041_0:0003e6
21_g	35570_0:001b4a
21_g	7176_0:00192b
21_g	199890_0:00129a
21_g	43151_0:001e09
21_g	28612_0:00438c
21_g	7213_0:000730
21_g	28588_0:001f70
21_g	104688_0:00139a
21_g	174628_0:001843
21_g	54969_0:00069b
21_g	7397_0:002177
21_g	7395_0:000d1b
21_g	7394_0:000433
21_g	319348_0:002230
21_g	39758_0:00423a
21_g	568069_0:0037c8
21_g	219809_0:000f93
21_g	91411_0:0000c2
21_g	411798_0:0022d8
48_g	35570_0:000f77
48_g	7370_0:0034f1
48_g	7370_0:0035be
48_g	7370_0:0035bd
48_g	35570_0:002e3d
23_g	39758_0:0023d0
23_g	7200_0:001b59
23_g	28588_0:001ece
23_g	104688_0:0007da
23_g	34740_0:002f5f
23_g	174628_0:001f1f
23_g	315563_0:001514
23_g	319348_0:002146
23_g	45779_0:00171f
23_g	7130_0:0020b7
23_g	438503_0:001d23
23_g	438502_0:0015e5
23_g	76194_0:00136e
23_g	104421_0:001ae6
23_g	1155016_0:0000f6
23_g	123851_0:00239e
23_g	6669_0:00544d
23_g	6669_0:006e15
23_g	93721_0:001d2c
26_g	37001_0:0015fe
26_g	7395_0:00297f
26_g	7394_0:0019c5
26_g	35570_0:001d5e
26_g	7370_0:003411
26_g	7375_0:00027e
26_g	7213_0:001fb2
26_g	104688_0:0007af
26_g	174628_0:001f3b
26_g	28588_0:001edd
26_g	7397_0:0031cd
26_g	28612_0:005b6e
26_g	246812_0:001ca4
62_g	7370_0:003495
62_g	35570_0:001241
62_g	104688_0:002e97
62_g	28612_0:00460f
62_g	7394_0:000c75
62_g	319348_0:002951
62_g	315563_0:0025bf
62_g	48709_0:003238
62_g	104688_0:00016d
62_g	246812_0:0037e0
62_g	52612_0:00435f
62_g	113334_0:002776
62_g	319348_0:003091
38_g	224129_0:000c24
38_g	319348_0:001675
38_g	7004_0:0025dd
38_g	7213_0:0003e5
38_g	217634_0:001e81
38_g	54969_0:00109a
38_g	315563_0:00185e
38_g	13037_0:002ccf
38_g	64459_0:00285c
38_g	34740_0:003379
38_g	7375_0:001503
38_g	319348_0:001f2e
38_g	7165_0:00149b
38_g	69319_0:0018a7
38_g	307491_0:001ae2
38_g	535359_0:00159b
38_g	37344_0:001f6e
38_g	35570_0:00313a
38_g	218467_0:0013e5
38_g	29053_0:001995
38_g	1507135_0:0006a8
38_g	13249_0:002577
38_g	32264_0:0014de
38_g	7130_0:002097
38_g	7130_0:0020af
83_g	28588_0:00239c
83_g	174628_0:0020aa
83_g	37001_0:002e61
83_g	7213_0:002d12
83_g	7395_0:0020d5
83_g	7394_0:001ada
83_g	104688_0:0029ce
83_g	7397_0:003dbf
83_g	7397_0:004188
83_g	28612_0:000801
83_g	7375_0:00334f
83_g	35570_0:001a8f
83_g	7370_0:0029f3
83_g	29031_0:002779
83_g	54969_0:002374
83_g	7159_0:001d6b
83_g	7200_0:002029
83_g	7160_0:002b7b
83_g	39758_0:004c12
83_g	43041_0:002883
83_g	62324_0:00333e
83_g	315563_0:0015e5
83_g	211228_0:001d06
83_g	7176_0:001f60
83_g	680683_0:0027b2
60_g	35570_0:002027
60_g	7375_0:000873
60_g	7370_0:003494
60_g	174628_0:000fd3
60_g	28588_0:0023a5
60_g	28612_0:001323
60_g	7213_0:002cfa
60_g	37001_0:0037e3
60_g	7397_0:002861
60_g	7395_0:000a31
60_g	30069_0:0013b4
60_g	41427_0:002e78
60_g	7167_0:000577
60_g	7165_0:002b6b
60_g	69004_0:002be7
60_g	43041_0:002485
60_g	74869_0:0007c7
60_g	112268_0:0011a3
60_g	315563_0:001eb4
60_g	7394_0:003003
60_g	7004_0:004604
60_g	178035_0:001f9f
60_g	88501_0:0021a7
60_g	76194_0:002889
60_g	113334_0:0024de
33_g	7370_0:00178b
33_g	35570_0:001cb0
33_g	7375_0:001064
33_g	7213_0:00240b
33_g	7394_0:00277e
33_g	104688_0:000e8e
33_g	174628_0:002370
33_g	28612_0:001cab
33_g	37001_0:0000ce
33_g	7397_0:004091
33_g	28588_0:0010d2
33_g	7395_0:000da7
33_g	43151_0:0010d4
33_g	7165_0:002c76
33_g	112268_0:001965
33_g	7167_0:00003c
33_g	7159_0:001bbc
33_g	139723_0:000670
33_g	30069_0:00135b
33_g	199890_0:000c5b
33_g	7168_0:0018b4
33_g	62324_0:002e98
33_g	43041_0:0006c1
33_g	41427_0:0015f5
33_g	315563_0:001499
53_g	7375_0:00342c
53_g	7370_0:000f78
53_g	35570_0:000a34
53_g	37001_0:0020fb
53_g	7397_0:0046d9
53_g	7394_0:0023aa
53_g	28588_0:002f19
53_g	7395_0:004c25
53_g	28612_0:0035b7
53_g	7213_0:000407
53_g	104688_0:002273
53_g	41427_0:001488
53_g	30069_0:000c37
53_g	6973_0:006a66
29_g	7375_0:000ba5
29_g	7370_0:001814
29_g	174628_0:002de1
29_g	104688_0:0006ac
29_g	35570_0:000037
29_g	108931_0:00254f
29_g	178035_0:0016a9
29_g	37001_0:000a4b
29_g	407821_0:001375
29_g	116153_0:001726
29_g	1629725_0:001eb6
35_g	219809_0:000f2e
35_g	37344_0:001f6e
35_g	7130_0:002097
35_g	1507135_0:0006a8
35_g	307491_0:00406f
35_g	143948_0:000d58
1_g	28588_0:001a1d
1_g	174628_0:002a73
1_g	28588_0:002082
1_g	104688_0:00060c
1_g	28612_0:002f32
1_g	28612_0:0035cf
1_g	7213_0:00030e
1_g	104688_0:0005e5
1_g	104688_0:0005f8
1_g	28612_0:0035ce
1_g	174628_0:002a5a
1_g	104688_0:0013a8
1_g	28612_0:00425f
1_g	28588_0:001f7a
1_g	28588_0:001f81
1_g	174628_0:00186b
1_g	7200_0:000e66
7_g	35570_0:002852
7_g	28588_0:0029c8
7_g	7370_0:000dc1
7_g	104688_0:001e47
7_g	7375_0:0018bc
7_g	7213_0:002dc9
7_g	174628_0:0006d5
7_g	28612_0:000abd
7_g	7394_0:000cab
7_g	7395_0:002a50
7_g	7397_0:00414b
7_g	7168_0:001c60
7_g	199890_0:0008a7
7_g	315563_0:0012ac
7_g	62324_0:0008b7
7_g	37001_0:00142e
7_g	7165_0:002707
7_g	69004_0:002e0b
7_g	112268_0:003098
7_g	139723_0:0004e6
7_g	30069_0:001962
7_g	41427_0:001387
7_g	54969_0:003af6
7_g	74873_0:0017e9
7_g	7176_0:002ca6
84_g	7375_0:00293d
84_g	35570_0:001a8e
84_g	7370_0:0029f2
84_g	7213_0:002ce1
84_g	174628_0:0020b5
84_g	7395_0:0020d4
84_g	104688_0:0029cb
84_g	7394_0:001ad9
84_g	28588_0:002392
84_g	7397_0:003dbd
84_g	39758_0:001346
84_g	6973_0:0053f4
19_g	37001_0:0014ae
19_g	7213_0:000730
19_g	28588_0:001f70
19_g	104688_0:00139a
19_g	174628_0:001843
19_g	69319_0:000610
19_g	54969_0:00069b
19_g	219809_0:000f93
19_g	144034_0:001f6d
19_g	91411_0:0000c2
19_g	7493_0:00046d
19_g	454923_0:0017a6
19_g	28612_0:00438c
19_g	39758_0:00423a
19_g	535359_0:000465
19_g	29053_0:001d22
19_g	132113_0:000112
19_g	83485_0:002a7b
19_g	319348_0:002230
19_g	13686_0:001b59
19_g	597456_0:000789
19_g	64838_0:0009f7
19_g	143995_0:0005b4
19_g	411798_0:0022d8
19_g	7160_0:00057b
58_g	7395_0:003c05
58_g	7375_0:0006fe
58_g	7394_0:0025aa
58_g	104688_0:001156
58_g	28588_0:000d72
58_g	52612_0:001bdb
58_g	133901_0:00250e
58_g	438503_0:0023f5
58_g	286306_0:000c78
58_g	454923_0:002acd
58_g	113334_0:000836
58_g	246812_0:003870
36_g	69319_0:0018a7
36_g	535359_0:00159b
36_g	35570_0:00313a
36_g	7375_0:001503
36_g	1507135_0:0006a8
36_g	315563_0:00185e
56_g	28612_0:000665
56_g	104688_0:000845
56_g	174628_0:00164f
56_g	7213_0:00051f
56_g	28588_0:002a45
56_g	7370_0:002002
56_g	7375_0:001022
56_g	37001_0:0025be
56_g	35570_0:00044a
56_g	219809_0:002745
56_g	7539_0:001742
56_g	69319_0:0001ec
56_g	104421_0:0013a2
56_g	609295_0:000408
56_g	67767_0:000723
56_g	76194_0:0012ef
56_g	411798_0:001cb4
56_g	29058_0:001d8e
56_g	34740_0:00362c
56_g	37344_0:000254
56_g	178035_0:000047
56_g	7038_0:0021ef
56_g	7091_0:0020e1
56_g	13164_0:002160
56_g	143948_0:0019ff
71_g	7375_0:000b8c
71_g	28588_0:001648
71_g	174628_0:002dec
71_g	7213_0:0017bb
71_g	104688_0:000686
71_g	28612_0:001f63
71_g	35570_0:000039
71_g	7370_0:001813
71_g	7397_0:002646
71_g	7395_0:0007c9
71_g	7394_0:001eb9
71_g	7070_0:0016ac
71_g	218467_0:001a0f
71_g	110193_0:000d45
71_g	108931_0:00025b
71_g	133901_0:000f76
71_g	315563_0:000286
71_g	378494_0:004643
52_g	7375_0:00342b
52_g	35570_0:000a35
52_g	7213_0:0003d0
52_g	7394_0:001afe
52_g	174628_0:002310
52_g	28588_0:002f1a
52_g	104688_0:002272
52_g	7370_0:000f79
52_g	7200_0:0012da
52_g	37001_0:0020fc
52_g	62324_0:002b09
52_g	54969_0:0036f7
52_g	7165_0:0022ad
52_g	319348_0:00146b
52_g	568069_0:001a3f
52_g	7159_0:001bcf
52_g	7395_0:004c26
52_g	7397_0:0046db
52_g	112268_0:001a1a
52_g	69004_0:00103f
52_g	30069_0:000c36
52_g	43041_0:0001e6
52_g	7168_0:002209
52_g	7167_0:0006f5
52_g	7160_0:000667
67_g	7375_0:0031f3
67_g	7370_0:00180f
67_g	35570_0:00003d
67_g	37001_0:000a51
67_g	7395_0:0007c4
67_g	7397_0:002640
67_g	28612_0:00028b
67_g	7213_0:000216
67_g	28588_0:002848
67_g	104688_0:00068b
67_g	174628_0:000ab2
67_g	7394_0:001754
67_g	43151_0:001cb7
67_g	62324_0:002792
67_g	6945_0:001092
67_g	123851_0:003964
67_g	51655_0:002f23
67_g	7130_0:0039eb
49_g	7370_0:003353
49_g	7394_0:002667
73_g	174628_0:00119c
73_g	7213_0:002bf8
73_g	28588_0:0021ba
73_g	28612_0:0012be
73_g	104688_0:000171
73_g	7370_0:0015f1
73_g	35570_0:001963
73_g	7375_0:00334c
73_g	37001_0:0000ff
73_g	7395_0:001dad
73_g	32264_0:001e18
73_g	64459_0:002ca8
73_g	418985_0:000b99
73_g	6973_0:0036ec
73_g	407821_0:000bd7
73_g	54969_0:000f37
73_g	166423_0:00216b
73_g	1155016_0:002d7c
73_g	34720_0:000015
73_g	121845_0:001b81
73_g	144034_0:0022df
73_g	6945_0:00331e
73_g	222816_0:000738
73_g	7460_0:001383
73_g	123851_0:000576
20_g	28612_0:00438b
20_g	7213_0:000742
20_g	7370_0:0003ff
20_g	7375_0:001819
20_g	174628_0:00184a
20_g	104688_0:0013b9
20_g	28588_0:001f80
20_g	37001_0:0014ad
20_g	112268_0:000d64
20_g	30069_0:003165
20_g	74869_0:002565
20_g	139723_0:001fde
20_g	199890_0:001960
20_g	62324_0:00214d
20_g	69004_0:0010c4
20_g	7395_0:000d1c
20_g	43041_0:002849
20_g	7397_0:002176
20_g	7394_0:000432
20_g	7159_0:001a15
20_g	7160_0:003375
20_g	7160_0:000031
20_g	74873_0:001535
20_g	2015173_0:000122
20_g	441921_0:001a4d
74_g	7370_0:0015f2
74_g	174628_0:001194
74_g	28588_0:0021b1
74_g	35570_0:001962
74_g	7213_0:002bdf
74_g	104688_0:000135
74_g	7375_0:00334d
74_g	7167_0:0001cd
74_g	43151_0:0014c1
74_g	112268_0:0030c4
74_g	139723_0:0003a5
74_g	7165_0:0028a1
74_g	199890_0:002934
74_g	7159_0:001d8f
74_g	74873_0:0027b0
74_g	7070_0:000f23
74_g	211228_0:000acc
74_g	7425_0:0025e3
74_g	315563_0:001203
74_g	294128_0:00281d
74_g	88015_0:002222
74_g	114398_0:00109d
74_g	32264_0:0022d1
74_g	197043_0:001be6
74_g	438503_0:000e42
80_g	121845_0:00035a
65_g	28612_0:000432
65_g	7397_0:00285a
65_g	7213_0:002cce
65_g	7375_0:00085f
65_g	104688_0:002ab3
65_g	37001_0:000def
65_g	7375_0:000860
65_g	7394_0:002fff
65_g	7395_0:000a37
65_g	35570_0:001243
65_g	7176_0:002a7e
65_g	28588_0:0023b1
65_g	29031_0:000c3b
65_g	174628_0:000fe4
65_g	7213_0:002cc0
65_g	104688_0:002ab1
65_g	28612_0:001913
65_g	1629725_0:0009f2
65_g	54969_0:001867
65_g	35570_0:001242
65_g	7168_0:00182e
65_g	7375_0:000869
65_g	7165_0:002b6c
65_g	43041_0:001f4a
65_g	69319_0:0007d3
