296_g	110193_0:00140f
190_g	28588_0:002949
312_g	326594_0:001669
101_g	7370_0:00053e
314_g	7370_0:0016a7
198_g	41427_0:0034da
212_g	51655_0:0042e0
208_g	6958_0:001946
289_g	610380_0:002217
193_g	133901_0:000de1
300_g	7375_0:001d22
93_g	64459_0:001a3d
172_g	32264_0:002733
18_g	110193_0:001ae7
298_g	7130_0:001714
300_g	7004_0:001856
237_g	28588_0:002f34
141_g	7397_0:0018fd
133_g	28588_0:0023f3
84_g	52283_0:0011f0
117_g	37001_0:0013ac
128_g	224129_0:002472
42_g	139723_0:001e7c
93_g	6945_0:001a1c
19_g	7460_0:00215b
53_g	224129_0:0006b5
83_g	7370_0:001900
164_g	7038_0:00147f
293_g	217634_0:0036f4
192_g	286306_0:0012e6
10_g	286706_0:0010ef
121_g	35570_0:000390
237_g	104688_0:002658
186_g	35525_0:0050d8
53_g	62324_0:002b09
72_g	28588_0:001648
192_g	104688_0:0005a5
147_g	7375_0:003063
108_g	7200_0:002029
169_g	34638_0:002a8b
189_g	441921_0:001a02
153_g	6850_0:003479
128_g	37001_0:001447
267_g	7370_0:001691
287_g	217634_0:0007b5
312_g	441921_0:001311
224_g	35570_0:003149
20_g	37344_0:000b09
204_g	28612_0:004ce8
19_g	199890_0:000bdf
44_g	28588_0:000657
92_g	88501_0:002767
87_g	1218281_0:0015c5
18_g	103372_0:0000df
280_g	7213_0:00005f
308_g	35570_0:0002dc
158_g	48709_0:0020b2
146_g	7375_0:0010d4
100_g	72036_0:003299
33_g	29031_0:000bb1
218_g	166423_0:002cca
312_g	7159_0:000f7a
296_g	7375_0:00027b
105_g	535359_0:000076
22_g	7160_0:00057b
95_g	121225_0:0028ee
21_g	456900_0:001c2a
220_g	7375_0:00080d
35_g	54969_0:0025c3
273_g	319348_0:001408
53_g	7160_0:0003d2
69_g	7394_0:001753
128_g	217634_0:00004d
309_g	28588_0:000d06
297_g	62324_0:0021ff
158_g	40932_0:00027b
225_g	217634_0:0004e3
296_g	41427_0:000d58
320_g	7397_0:000d29
239_g	35570_0:00132b
180_g	7397_0:004162
228_g	35570_0:0002b8
214_g	29031_0:000cf9
239_g	139723_0:00003b
18_g	93721_0:003c37
95_g	219809_0:002394
64_g	7176_0:002a7e
108_g	34720_0:0004dd
201_g	126957_0:001e18
305_g	7168_0:00239e
210_g	123851_0:0023db
262_g	43041_0:000010
260_g	35570_0:001518
102_g	37001_0:001491
174_g	6669_0:0026ed
163_g	35570_0:0020e8
316_g	7213_0:002403
101_g	28612_0:0016d2
324_g	37001_0:001049
46_g	174628_0:001575
